EN m2_1e_mxilinx_mux4x4 NULL /home/l2/philippot/TP6/Mux4x4.vhf sub00/vhpl54 1445509250
AR m4_1e_mxilinx_afficheur16 behavioral /home/l2/philippot/TP6/afficheur16.vhf sub00/vhpl31 1445509227
EN clkdiv_muser_toplevel NULL /home/l2/philippot/TP6/toplevel.vhf sub00/vhpl13 1445509210
AR mux4x4 behavioral /home/l2/philippot/TP6/Mux4x4.vhf sub00/vhpl59 1445509255
EN afficheur16 NULL /home/l2/philippot/TP6/afficheur16.vhf sub00/vhpl36 1445509232
AR clkdiv behavioral /home/l2/philippot/TP6/clkdiv.vhf sub00/vhpl39 1445509235
EN mux4x4_muser_toplevel NULL /home/l2/philippot/TP6/toplevel.vhf sub00/vhpl19 1445509216
AR compteur4_muser_afficheur16 behavioral /home/l2/philippot/TP6/afficheur16.vhf sub00/vhpl35 1445509231
EN connecteur_muser_toplevel NULL /home/l2/philippot/TP6/toplevel.vhf sub00/vhpl06 1445509198
AR connecteur_muser_s3 behavioral /home/l2/philippot/TP6/S3.vhf sub00/vhpl41 1445509237
EN compteur4_muser_afficheur16 NULL /home/l2/philippot/TP6/afficheur16.vhf sub00/vhpl34 1445509230
AR m4_1e_mxilinx_toplevel behavioral /home/l2/philippot/TP6/toplevel.vhf sub00/vhpl18 1445509215
EN fd16ce_mxilinx_toplevel NULL /home/l2/philippot/TP6/toplevel.vhf sub00/vhpl10 1445509202
AR s3_muser_toplevel behavioral /home/l2/philippot/TP6/toplevel.vhf sub00/vhpl27 1445509205
EN s3 NULL /home/l2/philippot/TP6/S3.vhf sub00/vhpl46 1445509242
EN obuf8_mxilinx_toplevel NULL /home/l2/philippot/TP6/toplevel.vhf sub00/vhpl04 1445509208
EN x7seg NULL /home/l2/philippot/TP6/x7seg.vhd sub00/vhpl00 1445509196
AR fd16ce_mxilinx_s3 behavioral /home/l2/philippot/TP6/S3.vhf sub00/vhpl45 1445509241
EN clkdiv NULL /home/l2/philippot/TP6/clkdiv.vhf sub00/vhpl38 1445509234
AR connecteur16_muser_toplevel behavioral /home/l2/philippot/TP6/toplevel.vhf sub00/vhpl09 1445509201
AR fd16ce_mxilinx_toplevel behavioral /home/l2/philippot/TP6/toplevel.vhf sub00/vhpl11 1445509203
EN mux4x4_muser_afficheur16 NULL /home/l2/philippot/TP6/afficheur16.vhf sub00/vhpl32 1445509228
AR compteur4 behavioral /home/l2/philippot/TP6/compteur4.vhf sub00/vhpl49 1445509245
AR obuf8_mxilinx_toplevel behavioral /home/l2/philippot/TP6/toplevel.vhf sub00/vhpl05 1445509209
EN m2_1e_mxilinx_toplevel NULL /home/l2/philippot/TP6/toplevel.vhf sub00/vhpl15 1445509212
EN connecteur_muser_connecteur16 NULL /home/l2/philippot/TP6/connecteur16.vhf sub00/vhpl50 1445509246
EN connecteur16_muser_s3 NULL /home/l2/philippot/TP6/S3.vhf sub00/vhpl42 1445509238
EN toplevel NULL /home/l2/philippot/TP6/toplevel.vhf sub00/vhpl25 1445509222
EN connecteur NULL /home/l2/philippot/TP6/connecteur.vhf sub00/vhpl60 1445509256
AR s3 behavioral /home/l2/philippot/TP6/S3.vhf sub00/vhpl47 1445509243
AR afficheur16 behavioral /home/l2/philippot/TP6/afficheur16.vhf sub00/vhpl37 1445509233
AR connecteur_muser_toplevel behavioral /home/l2/philippot/TP6/toplevel.vhf sub00/vhpl07 1445509199
EN m4_1e_mxilinx_afficheur16 NULL /home/l2/philippot/TP6/afficheur16.vhf sub00/vhpl30 1445509226
AR compteur4_muser_toplevel behavioral /home/l2/philippot/TP6/toplevel.vhf sub00/vhpl22 1445509219
EN connecteur16_muser_toplevel NULL /home/l2/philippot/TP6/toplevel.vhf sub00/vhpl08 1445509200
AR connecteur behavioral /home/l2/philippot/TP6/connecteur.vhf sub00/vhpl61 1445509257
EN mux4x4 NULL /home/l2/philippot/TP6/Mux4x4.vhf sub00/vhpl58 1445509254
EN s3_muser_toplevel NULL /home/l2/philippot/TP6/toplevel.vhf sub00/vhpl12 1445509204
EN connecteur_muser_s3 NULL /home/l2/philippot/TP6/S3.vhf sub00/vhpl40 1445509236
AR toplevel behavioral /home/l2/philippot/TP6/toplevel.vhf sub00/vhpl26 1445509223
EN afficheur16_muser_toplevel NULL /home/l2/philippot/TP6/toplevel.vhf sub00/vhpl23 1445509220
AR m4_1e_mxilinx_mux4x4 behavioral /home/l2/philippot/TP6/Mux4x4.vhf sub00/vhpl57 1445509253
EN m4_1e_mxilinx_mux4x4 NULL /home/l2/philippot/TP6/Mux4x4.vhf sub00/vhpl56 1445509252
AR afficheur16_muser_toplevel behavioral /home/l2/philippot/TP6/toplevel.vhf sub00/vhpl24 1445509221
AR m2_1e_mxilinx_afficheur16 behavioral /home/l2/philippot/TP6/afficheur16.vhf sub00/vhpl29 1445509225
EN fd16ce_mxilinx_s3 NULL /home/l2/philippot/TP6/S3.vhf sub00/vhpl44 1445509240
EN m4_1e_mxilinx_toplevel NULL /home/l2/philippot/TP6/toplevel.vhf sub00/vhpl17 1445509214
AR ibuf8_mxilinx_toplevel behavioral /home/l2/philippot/TP6/toplevel.vhf sub00/vhpl03 1445509207
EN compteur4 NULL /home/l2/philippot/TP6/compteur4.vhf sub00/vhpl48 1445509244
AR x7seg behavioral /home/l2/philippot/TP6/x7seg.vhd sub00/vhpl01 1445509197
AR m2_1e_mxilinx_toplevel behavioral /home/l2/philippot/TP6/toplevel.vhf sub00/vhpl16 1445509213
AR mux4x4_muser_toplevel behavioral /home/l2/philippot/TP6/toplevel.vhf sub00/vhpl20 1445509217
EN m2_1e_mxilinx_afficheur16 NULL /home/l2/philippot/TP6/afficheur16.vhf sub00/vhpl28 1445509224
EN compteur4_muser_toplevel NULL /home/l2/philippot/TP6/toplevel.vhf sub00/vhpl21 1445509218
EN ibuf8_mxilinx_toplevel NULL /home/l2/philippot/TP6/toplevel.vhf sub00/vhpl02 1445509206
AR connecteur_muser_connecteur16 behavioral /home/l2/philippot/TP6/connecteur16.vhf sub00/vhpl51 1445509247
AR m2_1e_mxilinx_mux4x4 behavioral /home/l2/philippot/TP6/Mux4x4.vhf sub00/vhpl55 1445509251
AR connecteur16 behavioral /home/l2/philippot/TP6/connecteur16.vhf sub00/vhpl53 1445509249
EN connecteur16 NULL /home/l2/philippot/TP6/connecteur16.vhf sub00/vhpl52 1445509248
AR connecteur16_muser_s3 behavioral /home/l2/philippot/TP6/S3.vhf sub00/vhpl43 1445509239
AR mux4x4_muser_afficheur16 behavioral /home/l2/philippot/TP6/afficheur16.vhf sub00/vhpl33 1445509229
AR clkdiv_muser_toplevel behavioral /home/l2/philippot/TP6/toplevel.vhf sub00/vhpl14 1445509211
