V3 108
FL /home/l2/philippot/TP6/afficheur16.vhf 2015/10/22.11:48:47 M.81d
EN work/M2_1E_MXILINX_afficheur16 1445509224 \
      FL /home/l2/philippot/TP6/afficheur16.vhf PB ieee/std_logic_1164 1290154108 \
      PB ieee/NUMERIC_STD 1290154109 LB UNISIM PH unisim/VCOMPONENTS 1290154108
AR work/M2_1E_MXILINX_afficheur16/BEHAVIORAL 1445509225 \
      FL /home/l2/philippot/TP6/afficheur16.vhf EN work/M2_1E_MXILINX_afficheur16 1445509224 \
      CP AND3 CP AND3B1 CP OR2
EN work/M4_1E_MXILINX_afficheur16 1445509226 \
      FL /home/l2/philippot/TP6/afficheur16.vhf PB ieee/std_logic_1164 1290154108 \
      PB ieee/NUMERIC_STD 1290154109 LB UNISIM PH unisim/VCOMPONENTS 1290154108
AR work/M4_1E_MXILINX_afficheur16/BEHAVIORAL 1445509227 \
      FL /home/l2/philippot/TP6/afficheur16.vhf EN work/M4_1E_MXILINX_afficheur16 1445509226 \
      CP M2_1E_MXILINX_afficheur16 CP MUXF5
EN work/Mux4x4_MUSER_afficheur16 1445509228 \
      FL /home/l2/philippot/TP6/afficheur16.vhf PB ieee/std_logic_1164 1290154108 \
      PB ieee/NUMERIC_STD 1290154109 LB UNISIM PH unisim/VCOMPONENTS 1290154108
AR work/Mux4x4_MUSER_afficheur16/BEHAVIORAL 1445509229 \
      FL /home/l2/philippot/TP6/afficheur16.vhf EN work/Mux4x4_MUSER_afficheur16 1445509228 \
      CP M4_1E_MXILINX_afficheur16 CP VCC
EN work/compteur4_MUSER_afficheur16 1445509230 \
      FL /home/l2/philippot/TP6/afficheur16.vhf PB ieee/std_logic_1164 1290154108 \
      PB ieee/NUMERIC_STD 1290154109 LB UNISIM PH unisim/VCOMPONENTS 1290154108
AR work/compteur4_MUSER_afficheur16/BEHAVIORAL 1445509231 \
      FL /home/l2/philippot/TP6/afficheur16.vhf \
      EN work/compteur4_MUSER_afficheur16 1445509230 CP FD CP INV
EN work/afficheur16 1445509232 \
      FL /home/l2/philippot/TP6/afficheur16.vhf PB ieee/std_logic_1164 1290154108 \
      PB ieee/NUMERIC_STD 1290154109 LB UNISIM PH unisim/VCOMPONENTS 1290154108
AR work/afficheur16/BEHAVIORAL 1445509233 \
      FL /home/l2/philippot/TP6/afficheur16.vhf EN work/afficheur16 1445509232 \
      CP compteur4_MUSER_afficheur16 CP Mux4x4_MUSER_afficheur16 CP x7seg
FL /home/l2/philippot/TP6/clkdiv.vhf 2015/10/22.11:48:47 M.81d
EN work/clkdiv 1445509234 FL /home/l2/philippot/TP6/clkdiv.vhf \
      PB ieee/std_logic_1164 1290154108 PB ieee/NUMERIC_STD 1290154109 LB UNISIM \
      PH unisim/VCOMPONENTS 1290154108
AR work/clkdiv/BEHAVIORAL 1445509235 \
      FL /home/l2/philippot/TP6/clkdiv.vhf EN work/clkdiv 1445509234 CP FD CP INV
FL /home/l2/philippot/TP6/compteur4.vhf 2015/10/22.11:48:47 M.81d
EN work/compteur4 1445509244 FL /home/l2/philippot/TP6/compteur4.vhf \
      PB ieee/std_logic_1164 1290154108 PB ieee/NUMERIC_STD 1290154109 LB UNISIM \
      PH unisim/VCOMPONENTS 1290154108
AR work/compteur4/BEHAVIORAL 1445509245 \
      FL /home/l2/philippot/TP6/compteur4.vhf EN work/compteur4 1445509244 CP FD \
      CP INV
FL /home/l2/philippot/TP6/connecteur.vhf 2015/10/22.10:46:32 M.81d
EN work/connecteur 1445509256 FL /home/l2/philippot/TP6/connecteur.vhf \
      PB ieee/std_logic_1164 1290154108 PB ieee/NUMERIC_STD 1290154109 LB UNISIM \
      PH unisim/VCOMPONENTS 1290154108
AR work/connecteur/BEHAVIORAL 1445509257 \
      FL /home/l2/philippot/TP6/connecteur.vhf EN work/connecteur 1445509256 \
      CP AND2 CP OR2
FL /home/l2/philippot/TP6/connecteur16.vhf 2015/10/22.11:48:47 M.81d
EN work/connecteur_MUSER_connecteur16 1445509246 \
      FL /home/l2/philippot/TP6/connecteur16.vhf PB ieee/std_logic_1164 1290154108 \
      PB ieee/NUMERIC_STD 1290154109 LB UNISIM PH unisim/VCOMPONENTS 1290154108
AR work/connecteur_MUSER_connecteur16/BEHAVIORAL 1445509247 \
      FL /home/l2/philippot/TP6/connecteur16.vhf \
      EN work/connecteur_MUSER_connecteur16 1445509246 CP AND2 CP OR2
EN work/connecteur16 1445509248 \
      FL /home/l2/philippot/TP6/connecteur16.vhf PB ieee/std_logic_1164 1290154108 \
      PB ieee/NUMERIC_STD 1290154109 LB UNISIM PH unisim/VCOMPONENTS 1290154108
AR work/connecteur16/BEHAVIORAL 1445509249 \
      FL /home/l2/philippot/TP6/connecteur16.vhf EN work/connecteur16 1445509248 \
      CP connecteur_MUSER_connecteur16
FL /home/l2/philippot/TP6/Mux4x4.vhf 2015/10/22.11:48:47 M.81d
EN work/M2_1E_MXILINX_Mux4x4 1445509250 FL /home/l2/philippot/TP6/Mux4x4.vhf \
      PB ieee/std_logic_1164 1290154108 PB ieee/NUMERIC_STD 1290154109 LB UNISIM \
      PH unisim/VCOMPONENTS 1290154108
AR work/M2_1E_MXILINX_Mux4x4/BEHAVIORAL 1445509251 \
      FL /home/l2/philippot/TP6/Mux4x4.vhf EN work/M2_1E_MXILINX_Mux4x4 1445509250 \
      CP AND3 CP AND3B1 CP OR2
EN work/M4_1E_MXILINX_Mux4x4 1445509252 \
      FL /home/l2/philippot/TP6/Mux4x4.vhf PB ieee/std_logic_1164 1290154108 \
      PB ieee/NUMERIC_STD 1290154109 LB UNISIM PH unisim/VCOMPONENTS 1290154108
AR work/M4_1E_MXILINX_Mux4x4/BEHAVIORAL 1445509253 \
      FL /home/l2/philippot/TP6/Mux4x4.vhf EN work/M4_1E_MXILINX_Mux4x4 1445509252 \
      CP M2_1E_MXILINX_Mux4x4 CP MUXF5
EN work/Mux4x4 1445509254 \
      FL /home/l2/philippot/TP6/Mux4x4.vhf PB ieee/std_logic_1164 1290154108 \
      PB ieee/NUMERIC_STD 1290154109 LB UNISIM PH unisim/VCOMPONENTS 1290154108
AR work/Mux4x4/BEHAVIORAL 1445509255 \
      FL /home/l2/philippot/TP6/Mux4x4.vhf EN work/Mux4x4 1445509254 \
      CP M4_1E_MXILINX_Mux4x4 CP VCC
FL /home/l2/philippot/TP6/S3.vhf 2015/10/22.12:19:06 M.81d
EN work/connecteur_MUSER_S3 1445509236 FL /home/l2/philippot/TP6/S3.vhf \
      PB ieee/std_logic_1164 1290154108 PB ieee/NUMERIC_STD 1290154109 LB UNISIM \
      PH unisim/VCOMPONENTS 1290154108
AR work/connecteur_MUSER_S3/BEHAVIORAL 1445509237 \
      FL /home/l2/philippot/TP6/S3.vhf EN work/connecteur_MUSER_S3 1445509236 \
      CP AND2 CP OR2
EN work/connecteur16_MUSER_S3 1445509238 \
      FL /home/l2/philippot/TP6/S3.vhf PB ieee/std_logic_1164 1290154108 \
      PB ieee/NUMERIC_STD 1290154109 LB UNISIM PH unisim/VCOMPONENTS 1290154108
AR work/connecteur16_MUSER_S3/BEHAVIORAL 1445509239 \
      FL /home/l2/philippot/TP6/S3.vhf EN work/connecteur16_MUSER_S3 1445509238 \
      CP connecteur_MUSER_S3
EN work/FD16CE_MXILINX_S3 1445509240 \
      FL /home/l2/philippot/TP6/S3.vhf PB ieee/std_logic_1164 1290154108 \
      PB ieee/NUMERIC_STD 1290154109 LB UNISIM PH unisim/VCOMPONENTS 1290154108
AR work/FD16CE_MXILINX_S3/BEHAVIORAL 1445509241 \
      FL /home/l2/philippot/TP6/S3.vhf EN work/FD16CE_MXILINX_S3 1445509240 \
      CP FDCE
EN work/S3 1445509242 FL /home/l2/philippot/TP6/S3.vhf \
      PB ieee/std_logic_1164 1290154108 PB ieee/NUMERIC_STD 1290154109 LB UNISIM \
      PH unisim/VCOMPONENTS 1290154108
AR work/S3/BEHAVIORAL 1445509243 \
      FL /home/l2/philippot/TP6/S3.vhf EN work/S3 1445509242 CP FD16CE_MXILINX_S3 \
      CP connecteur16_MUSER_S3 CP GND CP VCC
FL /home/l2/philippot/TP6/toplevel.vhf 2015/10/22.12:19:54 M.81d
EN work/connecteur_MUSER_toplevel 1445509198 \
      FL /home/l2/philippot/TP6/toplevel.vhf PB ieee/std_logic_1164 1290154108 \
      PB ieee/NUMERIC_STD 1290154109 LB UNISIM PH unisim/VCOMPONENTS 1290154108
AR work/connecteur_MUSER_toplevel/BEHAVIORAL 1445509199 \
      FL /home/l2/philippot/TP6/toplevel.vhf EN work/connecteur_MUSER_toplevel 1445509198 \
      CP AND2 CP OR2
EN work/connecteur16_MUSER_toplevel 1445509200 \
      FL /home/l2/philippot/TP6/toplevel.vhf PB ieee/std_logic_1164 1290154108 \
      PB ieee/NUMERIC_STD 1290154109 LB UNISIM PH unisim/VCOMPONENTS 1290154108
AR work/connecteur16_MUSER_toplevel/BEHAVIORAL 1445509201 \
      FL /home/l2/philippot/TP6/toplevel.vhf EN work/connecteur16_MUSER_toplevel 1445509200 \
      CP connecteur_MUSER_toplevel
EN work/FD16CE_MXILINX_toplevel 1445509202 \
      FL /home/l2/philippot/TP6/toplevel.vhf PB ieee/std_logic_1164 1290154108 \
      PB ieee/NUMERIC_STD 1290154109 LB UNISIM PH unisim/VCOMPONENTS 1290154108
AR work/FD16CE_MXILINX_toplevel/BEHAVIORAL 1445509203 \
      FL /home/l2/philippot/TP6/toplevel.vhf EN work/FD16CE_MXILINX_toplevel 1445509202 \
      CP FDCE
EN work/S3_MUSER_toplevel 1445509204 \
      FL /home/l2/philippot/TP6/toplevel.vhf PB ieee/std_logic_1164 1290154108 \
      PB ieee/NUMERIC_STD 1290154109 LB UNISIM PH unisim/VCOMPONENTS 1290154108
AR work/S3_MUSER_toplevel/BEHAVIORAL 1445509205 \
      FL /home/l2/philippot/TP6/toplevel.vhf EN work/S3_MUSER_toplevel 1445509204 \
      CP FD16CE_MXILINX_toplevel CP connecteur16_MUSER_toplevel CP GND CP VCC
EN work/IBUF8_MXILINX_toplevel 1445509206 \
      FL /home/l2/philippot/TP6/toplevel.vhf PB ieee/std_logic_1164 1290154108 \
      PB ieee/NUMERIC_STD 1290154109 LB UNISIM PH unisim/VCOMPONENTS 1290154108
AR work/IBUF8_MXILINX_toplevel/BEHAVIORAL 1445509207 \
      FL /home/l2/philippot/TP6/toplevel.vhf EN work/IBUF8_MXILINX_toplevel 1445509206 \
      CP IBUF
EN work/OBUF8_MXILINX_toplevel 1445509208 \
      FL /home/l2/philippot/TP6/toplevel.vhf PB ieee/std_logic_1164 1290154108 \
      PB ieee/NUMERIC_STD 1290154109 LB UNISIM PH unisim/VCOMPONENTS 1290154108
AR work/OBUF8_MXILINX_toplevel/BEHAVIORAL 1445509209 \
      FL /home/l2/philippot/TP6/toplevel.vhf EN work/OBUF8_MXILINX_toplevel 1445509208 \
      CP OBUF
EN work/clkdiv_MUSER_toplevel 1445509210 \
      FL /home/l2/philippot/TP6/toplevel.vhf PB ieee/std_logic_1164 1290154108 \
      PB ieee/NUMERIC_STD 1290154109 LB UNISIM PH unisim/VCOMPONENTS 1290154108
AR work/clkdiv_MUSER_toplevel/BEHAVIORAL 1445509211 \
      FL /home/l2/philippot/TP6/toplevel.vhf EN work/clkdiv_MUSER_toplevel 1445509210 \
      CP FD CP INV
EN work/M2_1E_MXILINX_toplevel 1445509212 \
      FL /home/l2/philippot/TP6/toplevel.vhf PB ieee/std_logic_1164 1290154108 \
      PB ieee/NUMERIC_STD 1290154109 LB UNISIM PH unisim/VCOMPONENTS 1290154108
AR work/M2_1E_MXILINX_toplevel/BEHAVIORAL 1445509213 \
      FL /home/l2/philippot/TP6/toplevel.vhf EN work/M2_1E_MXILINX_toplevel 1445509212 \
      CP AND3 CP AND3B1 CP OR2
EN work/M4_1E_MXILINX_toplevel 1445509214 \
      FL /home/l2/philippot/TP6/toplevel.vhf PB ieee/std_logic_1164 1290154108 \
      PB ieee/NUMERIC_STD 1290154109 LB UNISIM PH unisim/VCOMPONENTS 1290154108
AR work/M4_1E_MXILINX_toplevel/BEHAVIORAL 1445509215 \
      FL /home/l2/philippot/TP6/toplevel.vhf EN work/M4_1E_MXILINX_toplevel 1445509214 \
      CP M2_1E_MXILINX_toplevel CP MUXF5
EN work/Mux4x4_MUSER_toplevel 1445509216 \
      FL /home/l2/philippot/TP6/toplevel.vhf PB ieee/std_logic_1164 1290154108 \
      PB ieee/NUMERIC_STD 1290154109 LB UNISIM PH unisim/VCOMPONENTS 1290154108
AR work/Mux4x4_MUSER_toplevel/BEHAVIORAL 1445509217 \
      FL /home/l2/philippot/TP6/toplevel.vhf EN work/Mux4x4_MUSER_toplevel 1445509216 \
      CP M4_1E_MXILINX_toplevel CP VCC
EN work/compteur4_MUSER_toplevel 1445509218 \
      FL /home/l2/philippot/TP6/toplevel.vhf PB ieee/std_logic_1164 1290154108 \
      PB ieee/NUMERIC_STD 1290154109 LB UNISIM PH unisim/VCOMPONENTS 1290154108
AR work/compteur4_MUSER_toplevel/BEHAVIORAL 1445509219 \
      FL /home/l2/philippot/TP6/toplevel.vhf EN work/compteur4_MUSER_toplevel 1445509218 \
      CP FD CP INV
EN work/afficheur16_MUSER_toplevel 1445509220 \
      FL /home/l2/philippot/TP6/toplevel.vhf PB ieee/std_logic_1164 1290154108 \
      PB ieee/NUMERIC_STD 1290154109 LB UNISIM PH unisim/VCOMPONENTS 1290154108
AR work/afficheur16_MUSER_toplevel/BEHAVIORAL 1445509221 \
      FL /home/l2/philippot/TP6/toplevel.vhf EN work/afficheur16_MUSER_toplevel 1445509220 \
      CP compteur4_MUSER_toplevel CP Mux4x4_MUSER_toplevel CP x7seg
EN work/toplevel 1445509222 \
      FL /home/l2/philippot/TP6/toplevel.vhf PB ieee/std_logic_1164 1290154108 \
      PB ieee/NUMERIC_STD 1290154109 LB UNISIM PH unisim/VCOMPONENTS 1290154108
AR work/toplevel/BEHAVIORAL 1445509223 \
      FL /home/l2/philippot/TP6/toplevel.vhf EN work/toplevel 1445509222 \
      CP afficheur16_MUSER_toplevel CP clkdiv_MUSER_toplevel \
      CP OBUF8_MXILINX_toplevel CP IBUF8_MXILINX_toplevel CP BUFG \
      CP S3_MUSER_toplevel
FL /home/l2/philippot/TP6/x7seg.vhd 2015/10/08.12:12:41 M.81d
EN work/x7seg 1445509196 FL /home/l2/philippot/TP6/x7seg.vhd \
      PB ieee/std_logic_1164 1290154108
AR work/x7seg/Behavioral 1445509197 \
      FL /home/l2/philippot/TP6/x7seg.vhd EN work/x7seg 1445509196
