Release 12.4 - xst M.81d (lin64)
Copyright (c) 1995-2010 Xilinx, Inc.  All rights reserved.
--> 
Parameter TMPDIR set to xst/projnav.tmp


Total REAL time to Xst completion: 0.00 secs
Total CPU time to Xst completion: 0.04 secs
 
--> 
Parameter xsthdpdir set to xst


Total REAL time to Xst completion: 0.00 secs
Total CPU time to Xst completion: 0.05 secs
 
--> 
Reading design: toplevel.prj

TABLE OF CONTENTS
  1) Synthesis Options Summary
  2) HDL Compilation
  3) Design Hierarchy Analysis
  4) HDL Analysis
  5) HDL Synthesis
     5.1) HDL Synthesis Report
  6) Advanced HDL Synthesis
     6.1) Advanced HDL Synthesis Report
  7) Low Level Synthesis
  8) Partition Report
  9) Final Report
	9.1) Device utilization summary
	9.2) Partition Resource Summary
	9.3) TIMING REPORT


=========================================================================
*                      Synthesis Options Summary                        *
=========================================================================
---- Source Parameters
Input File Name                    : "toplevel.prj"
Input Format                       : mixed
Ignore Synthesis Constraint File   : NO

---- Target Parameters
Output File Name                   : "toplevel"
Output Format                      : NGC
Target Device                      : xc3s1200e-4-fg320

---- Source Options
Top Module Name                    : toplevel
Automatic FSM Extraction           : YES
FSM Encoding Algorithm             : Auto
Safe Implementation                : No
FSM Style                          : LUT
RAM Extraction                     : Yes
RAM Style                          : Auto
ROM Extraction                     : Yes
Mux Style                          : Auto
Decoder Extraction                 : YES
Priority Encoder Extraction        : Yes
Shift Register Extraction          : YES
Logical Shifter Extraction         : YES
XOR Collapsing                     : YES
ROM Style                          : Auto
Mux Extraction                     : Yes
Resource Sharing                   : YES
Asynchronous To Synchronous        : NO
Multiplier Style                   : Auto
Automatic Register Balancing       : No

---- Target Options
Add IO Buffers                     : YES
Global Maximum Fanout              : 500
Add Generic Clock Buffer(BUFG)     : 24
Register Duplication               : YES
Slice Packing                      : YES
Optimize Instantiated Primitives   : NO
Use Clock Enable                   : Yes
Use Synchronous Set                : Yes
Use Synchronous Reset              : Yes
Pack IO Registers into IOBs        : Auto
Equivalent register Removal        : YES

---- General Options
Optimization Goal                  : Speed
Optimization Effort                : 1
Keep Hierarchy                     : No
Netlist Hierarchy                  : As_Optimized
RTL Output                         : Yes
Global Optimization                : AllClockNets
Read Cores                         : YES
Write Timing Constraints           : NO
Cross Clock Analysis               : NO
Hierarchy Separator                : /
Bus Delimiter                      : <>
Case Specifier                     : Maintain
Slice Utilization Ratio            : 100
BRAM Utilization Ratio             : 100
Verilog 2001                       : YES
Auto BRAM Packing                  : NO
Slice Utilization Ratio Delta      : 5

=========================================================================


=========================================================================
*                          HDL Compilation                              *
=========================================================================
Compiling vhdl file "/home/l2/philippot/TP4/x7seg.vhd" in Library work.
Entity <x7seg> compiled.
Entity <x7seg> (Architecture <Behavioral>) compiled.
Compiling vhdl file "/home/l2/philippot/TP4/toplevel.vhf" in Library work.
Entity <M2_1E_MXILINX_toplevel> compiled.
Entity <M2_1E_MXILINX_toplevel> (Architecture <BEHAVIORAL>) compiled.
Entity <M4_1E_MXILINX_toplevel> compiled.
Entity <M4_1E_MXILINX_toplevel> (Architecture <BEHAVIORAL>) compiled.
Entity <Mux4x4_MUSER_toplevel> compiled.
Entity <Mux4x4_MUSER_toplevel> (Architecture <BEHAVIORAL>) compiled.
Entity <compteur4_muser_toplevel> compiled.
Entity <compteur4_muser_toplevel> (Architecture <behavioral>) compiled.
Entity <afficheur16_MUSER_toplevel> compiled.
Entity <afficheur16_MUSER_toplevel> (Architecture <BEHAVIORAL>) compiled.
Entity <IBUF8_MXILINX_toplevel> compiled.
Entity <IBUF8_MXILINX_toplevel> (Architecture <BEHAVIORAL>) compiled.
Entity <clkdiv_muser_toplevel> compiled.
Entity <clkdiv_muser_toplevel> (Architecture <behavioral>) compiled.
Entity <toplevel> compiled.
Entity <toplevel> (Architecture <behavioral>) compiled.
Compiling vhdl file "/home/l2/philippot/TP4/afficheur16.vhf" in Library work.
Entity <M2_1E_MXILINX_afficheur16> compiled.
Entity <M2_1E_MXILINX_afficheur16> (Architecture <BEHAVIORAL>) compiled.
Entity <M4_1E_MXILINX_afficheur16> compiled.
Entity <M4_1E_MXILINX_afficheur16> (Architecture <BEHAVIORAL>) compiled.
Entity <Mux4x4_MUSER_afficheur16> compiled.
Entity <Mux4x4_MUSER_afficheur16> (Architecture <BEHAVIORAL>) compiled.
Entity <compteur4_MUSER_afficheur16> compiled.
Entity <compteur4_MUSER_afficheur16> (Architecture <BEHAVIORAL>) compiled.
Entity <afficheur16> compiled.
Entity <afficheur16> (Architecture <BEHAVIORAL>) compiled.
Compiling vhdl file "/home/l2/philippot/TP4/clkdiv.vhf" in Library work.
Architecture behavioral of Entity clkdiv is up to date.
Compiling vhdl file "/home/l2/philippot/TP4/compteur4.vhf" in Library work.
Architecture behavioral of Entity compteur4 is up to date.
Compiling vhdl file "/home/l2/philippot/TP4/Mux4x4.vhf" in Library work.
Entity <M2_1E_MXILINX_Mux4x4> compiled.
Entity <M2_1E_MXILINX_Mux4x4> (Architecture <BEHAVIORAL>) compiled.
Entity <M4_1E_MXILINX_Mux4x4> compiled.
Entity <M4_1E_MXILINX_Mux4x4> (Architecture <BEHAVIORAL>) compiled.
Entity <Mux4x4> compiled.
Entity <Mux4x4> (Architecture <BEHAVIORAL>) compiled.

=========================================================================
*                     Design Hierarchy Analysis                         *
=========================================================================
Analyzing hierarchy for entity <toplevel> in library <work> (architecture <behavioral>).

Analyzing hierarchy for entity <clkdiv_MUSER_toplevel> in library <work> (architecture <behavioral>).

Analyzing hierarchy for entity <IBUF8_MXILINX_toplevel> in library <work> (architecture <BEHAVIORAL>).

Analyzing hierarchy for entity <afficheur16_MUSER_toplevel> in library <work> (architecture <BEHAVIORAL>).

Analyzing hierarchy for entity <compteur4_MUSER_toplevel> in library <work> (architecture <behavioral>).

Analyzing hierarchy for entity <Mux4x4_MUSER_toplevel> in library <work> (architecture <BEHAVIORAL>).

Analyzing hierarchy for entity <x7seg> in library <work> (architecture <Behavioral>).

Analyzing hierarchy for entity <M4_1E_MXILINX_toplevel> in library <work> (architecture <BEHAVIORAL>).

Analyzing hierarchy for entity <M2_1E_MXILINX_toplevel> in library <work> (architecture <BEHAVIORAL>).


=========================================================================
*                            HDL Analysis                               *
=========================================================================
Analyzing Entity <toplevel> in library <work> (Architecture <behavioral>).
WARNING:Xst:753 - "/home/l2/philippot/TP4/toplevel.vhf" line 786: Unconnected output port 'clksec' of component 'clkdiv_MUSER_toplevel'.
    Set user-defined property "HU_SET =  XLXI_4_6" for instance <XLXI_4> in unit <toplevel>.
Entity <toplevel> analyzed. Unit <toplevel> generated.

Analyzing Entity <clkdiv_MUSER_toplevel> in library <work> (Architecture <behavioral>).
    Set user-defined property "INIT =  0" for instance <XLXI_1> in unit <clkdiv_MUSER_toplevel>.
    Set user-defined property "INIT =  0" for instance <XLXI_3> in unit <clkdiv_MUSER_toplevel>.
    Set user-defined property "INIT =  0" for instance <XLXI_7> in unit <clkdiv_MUSER_toplevel>.
    Set user-defined property "INIT =  0" for instance <XLXI_9> in unit <clkdiv_MUSER_toplevel>.
    Set user-defined property "INIT =  0" for instance <XLXI_15> in unit <clkdiv_MUSER_toplevel>.
    Set user-defined property "INIT =  0" for instance <XLXI_17> in unit <clkdiv_MUSER_toplevel>.
    Set user-defined property "INIT =  0" for instance <XLXI_19> in unit <clkdiv_MUSER_toplevel>.
    Set user-defined property "INIT =  0" for instance <XLXI_78> in unit <clkdiv_MUSER_toplevel>.
    Set user-defined property "INIT =  0" for instance <XLXI_80> in unit <clkdiv_MUSER_toplevel>.
    Set user-defined property "INIT =  0" for instance <XLXI_82> in unit <clkdiv_MUSER_toplevel>.
    Set user-defined property "INIT =  0" for instance <XLXI_84> in unit <clkdiv_MUSER_toplevel>.
    Set user-defined property "INIT =  0" for instance <XLXI_86> in unit <clkdiv_MUSER_toplevel>.
    Set user-defined property "INIT =  0" for instance <XLXI_87> in unit <clkdiv_MUSER_toplevel>.
    Set user-defined property "INIT =  0" for instance <XLXI_90> in unit <clkdiv_MUSER_toplevel>.
    Set user-defined property "INIT =  0" for instance <XLXI_92> in unit <clkdiv_MUSER_toplevel>.
    Set user-defined property "INIT =  0" for instance <XLXI_94> in unit <clkdiv_MUSER_toplevel>.
    Set user-defined property "INIT =  0" for instance <XLXI_96> in unit <clkdiv_MUSER_toplevel>.
    Set user-defined property "INIT =  0" for instance <XLXI_98> in unit <clkdiv_MUSER_toplevel>.
    Set user-defined property "INIT =  0" for instance <XLXI_100> in unit <clkdiv_MUSER_toplevel>.
    Set user-defined property "INIT =  0" for instance <XLXI_101> in unit <clkdiv_MUSER_toplevel>.
    Set user-defined property "INIT =  0" for instance <XLXI_104> in unit <clkdiv_MUSER_toplevel>.
    Set user-defined property "INIT =  0" for instance <XLXI_106> in unit <clkdiv_MUSER_toplevel>.
    Set user-defined property "INIT =  0" for instance <XLXI_108> in unit <clkdiv_MUSER_toplevel>.
    Set user-defined property "INIT =  0" for instance <XLXI_110> in unit <clkdiv_MUSER_toplevel>.
    Set user-defined property "INIT =  0" for instance <XLXI_112> in unit <clkdiv_MUSER_toplevel>.
    Set user-defined property "INIT =  0" for instance <XLXI_118> in unit <clkdiv_MUSER_toplevel>.
Entity <clkdiv_MUSER_toplevel> analyzed. Unit <clkdiv_MUSER_toplevel> generated.

Analyzing Entity <IBUF8_MXILINX_toplevel> in library <work> (Architecture <BEHAVIORAL>).
    Set user-defined property "IBUF_DELAY_VALUE =  0" for instance <I_36_30> in unit <IBUF8_MXILINX_toplevel>.
    Set user-defined property "IFD_DELAY_VALUE =  AUTO" for instance <I_36_30> in unit <IBUF8_MXILINX_toplevel>.
    Set user-defined property "IOSTANDARD =  DEFAULT" for instance <I_36_30> in unit <IBUF8_MXILINX_toplevel>.
    Set user-defined property "IBUF_DELAY_VALUE =  0" for instance <I_36_31> in unit <IBUF8_MXILINX_toplevel>.
    Set user-defined property "IFD_DELAY_VALUE =  AUTO" for instance <I_36_31> in unit <IBUF8_MXILINX_toplevel>.
    Set user-defined property "IOSTANDARD =  DEFAULT" for instance <I_36_31> in unit <IBUF8_MXILINX_toplevel>.
    Set user-defined property "IBUF_DELAY_VALUE =  0" for instance <I_36_32> in unit <IBUF8_MXILINX_toplevel>.
    Set user-defined property "IFD_DELAY_VALUE =  AUTO" for instance <I_36_32> in unit <IBUF8_MXILINX_toplevel>.
    Set user-defined property "IOSTANDARD =  DEFAULT" for instance <I_36_32> in unit <IBUF8_MXILINX_toplevel>.
    Set user-defined property "IBUF_DELAY_VALUE =  0" for instance <I_36_33> in unit <IBUF8_MXILINX_toplevel>.
    Set user-defined property "IFD_DELAY_VALUE =  AUTO" for instance <I_36_33> in unit <IBUF8_MXILINX_toplevel>.
    Set user-defined property "IOSTANDARD =  DEFAULT" for instance <I_36_33> in unit <IBUF8_MXILINX_toplevel>.
    Set user-defined property "IBUF_DELAY_VALUE =  0" for instance <I_36_34> in unit <IBUF8_MXILINX_toplevel>.
    Set user-defined property "IFD_DELAY_VALUE =  AUTO" for instance <I_36_34> in unit <IBUF8_MXILINX_toplevel>.
    Set user-defined property "IOSTANDARD =  DEFAULT" for instance <I_36_34> in unit <IBUF8_MXILINX_toplevel>.
    Set user-defined property "IBUF_DELAY_VALUE =  0" for instance <I_36_35> in unit <IBUF8_MXILINX_toplevel>.
    Set user-defined property "IFD_DELAY_VALUE =  AUTO" for instance <I_36_35> in unit <IBUF8_MXILINX_toplevel>.
    Set user-defined property "IOSTANDARD =  DEFAULT" for instance <I_36_35> in unit <IBUF8_MXILINX_toplevel>.
    Set user-defined property "IBUF_DELAY_VALUE =  0" for instance <I_36_36> in unit <IBUF8_MXILINX_toplevel>.
    Set user-defined property "IFD_DELAY_VALUE =  AUTO" for instance <I_36_36> in unit <IBUF8_MXILINX_toplevel>.
    Set user-defined property "IOSTANDARD =  DEFAULT" for instance <I_36_36> in unit <IBUF8_MXILINX_toplevel>.
    Set user-defined property "IBUF_DELAY_VALUE =  0" for instance <I_36_37> in unit <IBUF8_MXILINX_toplevel>.
    Set user-defined property "IFD_DELAY_VALUE =  AUTO" for instance <I_36_37> in unit <IBUF8_MXILINX_toplevel>.
    Set user-defined property "IOSTANDARD =  DEFAULT" for instance <I_36_37> in unit <IBUF8_MXILINX_toplevel>.
Entity <IBUF8_MXILINX_toplevel> analyzed. Unit <IBUF8_MXILINX_toplevel> generated.

Analyzing Entity <afficheur16_MUSER_toplevel> in library <work> (Architecture <BEHAVIORAL>).
WARNING:Xst:753 - "/home/l2/philippot/TP4/toplevel.vhf" line 356: Unconnected output port 'anodes' of component 'x7seg'.
Entity <afficheur16_MUSER_toplevel> analyzed. Unit <afficheur16_MUSER_toplevel> generated.

Analyzing Entity <compteur4_MUSER_toplevel> in library <work> (Architecture <behavioral>).
    Set user-defined property "INIT =  0" for instance <BasculeD_0> in unit <compteur4_MUSER_toplevel>.
    Set user-defined property "INIT =  0" for instance <BasculeD_1> in unit <compteur4_MUSER_toplevel>.
Entity <compteur4_MUSER_toplevel> analyzed. Unit <compteur4_MUSER_toplevel> generated.

Analyzing Entity <Mux4x4_MUSER_toplevel> in library <work> (Architecture <BEHAVIORAL>).
    Set user-defined property "HU_SET =  XLXI_1_2" for instance <XLXI_1> in unit <Mux4x4_MUSER_toplevel>.
    Set user-defined property "HU_SET =  XLXI_2_3" for instance <XLXI_2> in unit <Mux4x4_MUSER_toplevel>.
    Set user-defined property "HU_SET =  XLXI_3_4" for instance <XLXI_3> in unit <Mux4x4_MUSER_toplevel>.
    Set user-defined property "HU_SET =  XLXI_4_5" for instance <XLXI_4> in unit <Mux4x4_MUSER_toplevel>.
Entity <Mux4x4_MUSER_toplevel> analyzed. Unit <Mux4x4_MUSER_toplevel> generated.

Analyzing Entity <M4_1E_MXILINX_toplevel> in library <work> (Architecture <BEHAVIORAL>).
    Set user-defined property "HU_SET =  I_M01_1" for instance <I_M01> in unit <M4_1E_MXILINX_toplevel>.
    Set user-defined property "HU_SET =  I_M23_0" for instance <I_M23> in unit <M4_1E_MXILINX_toplevel>.
Entity <M4_1E_MXILINX_toplevel> analyzed. Unit <M4_1E_MXILINX_toplevel> generated.

Analyzing Entity <M2_1E_MXILINX_toplevel> in library <work> (Architecture <BEHAVIORAL>).
Entity <M2_1E_MXILINX_toplevel> analyzed. Unit <M2_1E_MXILINX_toplevel> generated.

Analyzing Entity <x7seg> in library <work> (Architecture <Behavioral>).
Entity <x7seg> analyzed. Unit <x7seg> generated.


=========================================================================
*                           HDL Synthesis                               *
=========================================================================

Performing bidirectional port resolution...

Synthesizing Unit <x7seg>.
    Related source file is "/home/l2/philippot/TP4/x7seg.vhd".
    Found 16x7-bit ROM for signal <sevenseg>.
    Summary:
	inferred   1 ROM(s).
Unit <x7seg> synthesized.


Synthesizing Unit <clkdiv_MUSER_toplevel>.
    Related source file is "/home/l2/philippot/TP4/toplevel.vhf".
Unit <clkdiv_MUSER_toplevel> synthesized.


Synthesizing Unit <IBUF8_MXILINX_toplevel>.
    Related source file is "/home/l2/philippot/TP4/toplevel.vhf".
Unit <IBUF8_MXILINX_toplevel> synthesized.


Synthesizing Unit <compteur4_MUSER_toplevel>.
    Related source file is "/home/l2/philippot/TP4/toplevel.vhf".
Unit <compteur4_MUSER_toplevel> synthesized.


Synthesizing Unit <M2_1E_MXILINX_toplevel>.
    Related source file is "/home/l2/philippot/TP4/toplevel.vhf".
Unit <M2_1E_MXILINX_toplevel> synthesized.


Synthesizing Unit <M4_1E_MXILINX_toplevel>.
    Related source file is "/home/l2/philippot/TP4/toplevel.vhf".
Unit <M4_1E_MXILINX_toplevel> synthesized.


Synthesizing Unit <Mux4x4_MUSER_toplevel>.
    Related source file is "/home/l2/philippot/TP4/toplevel.vhf".
Unit <Mux4x4_MUSER_toplevel> synthesized.


Synthesizing Unit <afficheur16_MUSER_toplevel>.
    Related source file is "/home/l2/philippot/TP4/toplevel.vhf".
Unit <afficheur16_MUSER_toplevel> synthesized.


Synthesizing Unit <toplevel>.
    Related source file is "/home/l2/philippot/TP4/toplevel.vhf".
Unit <toplevel> synthesized.


=========================================================================
HDL Synthesis Report

Macro Statistics
# ROMs                                                 : 1
 16x7-bit ROM                                          : 1

=========================================================================

=========================================================================
*                       Advanced HDL Synthesis                          *
=========================================================================


=========================================================================
Advanced HDL Synthesis Report

Macro Statistics
# ROMs                                                 : 1
 16x7-bit ROM                                          : 1
# Registers                                            : 28
 Flip-Flops                                            : 28

=========================================================================

=========================================================================
*                         Low Level Synthesis                           *
=========================================================================

Optimizing unit <toplevel> ...

Optimizing unit <clkdiv_MUSER_toplevel> ...

Optimizing unit <IBUF8_MXILINX_toplevel> ...

Optimizing unit <M2_1E_MXILINX_toplevel> ...

Optimizing unit <M4_1E_MXILINX_toplevel> ...

Mapping all equations...
Building and optimizing final netlist ...
Found area constraint ratio of 100 (+ 5) on block toplevel, actual ratio is 0.

Final Macro Processing ...

=========================================================================
Final Register Report

Macro Statistics
# Registers                                            : 28
 Flip-Flops                                            : 28

=========================================================================

=========================================================================
*                           Partition Report                            *
=========================================================================

Partition Implementation Status
-------------------------------

  No Partitions were found in this design.

-------------------------------

=========================================================================
*                            Final Report                               *
=========================================================================
Final Results
RTL Top Level Output File Name     : toplevel.ngr
Top Level Output File Name         : toplevel
Output Format                      : NGC
Optimization Goal                  : Speed
Keep Hierarchy                     : No

Design Statistics
# IOs                              : 20

Cell Usage :
# BELS                             : 93
#      AND3                        : 16
#      AND3B1                      : 16
#      GND                         : 1
#      INV                         : 28
#      LUT4                        : 7
#      MUXF5                       : 8
#      OR2                         : 16
#      VCC                         : 1
# FlipFlops/Latches                : 28
#      FD                          : 28
# Clock Buffers                    : 1
#      BUFGP                       : 1
# IO Buffers                       : 19
#      IBUF                        : 8
#      OBUF                        : 11
=========================================================================

Device utilization summary:
---------------------------

Selected Device : 3s1200efg320-4 

 Number of Slices:                       18  out of   8672     0%  
 Number of Slice Flip Flops:             28  out of  17344     0%  
 Number of 4 input LUTs:                 35  out of  17344     0%  
 Number of IOs:                          20
 Number of bonded IOBs:                  20  out of    250     8%  
 Number of GCLKs:                         1  out of     24     4%  

---------------------------
Partition Resource Summary:
---------------------------

  No Partitions were found in this design.

---------------------------


=========================================================================
TIMING REPORT

NOTE: THESE TIMING NUMBERS ARE ONLY A SYNTHESIS ESTIMATE.
      FOR ACCURATE TIMING INFORMATION PLEASE REFER TO THE TRACE REPORT
      GENERATED AFTER PLACE-and-ROUTE.

Clock Information:
------------------
-----------------------------------+-------------------------------+-------+
Clock Signal                       | Clock buffer(FF name)         | Load  |
-----------------------------------+-------------------------------+-------+
XLXN_11                            | NONE(XLXI_5/XLXI_1/BasculeD_0)| 2     |
XLXI_5/XLXN_3<0>                   | NONE(XLXI_5/XLXI_1/BasculeD_1)| 1     |
XLXI_2/XLXN_120                    | NONE(XLXI_2/XLXI_118)         | 1     |
XLXI_2/XLXN_118                    | NONE(XLXI_2/XLXI_112)         | 1     |
XLXI_2/XLXN_116                    | NONE(XLXI_2/XLXI_110)         | 1     |
XLXI_2/XLXN_114                    | NONE(XLXI_2/XLXI_108)         | 1     |
XLXI_2/XLXN_110                    | NONE(XLXI_2/XLXI_106)         | 1     |
XLXI_2/XLXN_113                    | NONE(XLXI_2/XLXI_101)         | 1     |
XLXI_2/XLXN_107                    | NONE(XLXI_2/XLXI_100)         | 1     |
XLXI_2/XLXN_103                    | NONE(XLXI_2/XLXI_98)          | 1     |
XLXI_2/XLXN_101                    | NONE(XLXI_2/XLXI_96)          | 1     |
XLXI_2/XLXN_99                     | NONE(XLXI_2/XLXI_94)          | 1     |
XLXI_2/XLXN_95                     | NONE(XLXI_2/XLXI_92)          | 1     |
XLXI_2/XLXN_90                     | NONE(XLXI_2/XLXI_90)          | 1     |
XLXI_2/XLXN_98                     | NONE(XLXI_2/XLXI_87)          | 1     |
XLXI_2/XLXN_92                     | NONE(XLXI_2/XLXI_86)          | 1     |
XLXI_2/XLXN_88                     | NONE(XLXI_2/XLXI_84)          | 1     |
XLXI_2/XLXN_86                     | NONE(XLXI_2/XLXI_82)          | 1     |
XLXI_2/XLXN_84                     | NONE(XLXI_2/XLXI_80)          | 1     |
XLXI_2/XLXN_78                     | NONE(XLXI_2/XLXI_78)          | 1     |
XLXI_2/XLXN_20                     | NONE(XLXI_2/XLXI_19)          | 1     |
XLXI_2/XLXN_18                     | NONE(XLXI_2/XLXI_17)          | 1     |
XLXI_2/XLXN_10                     | NONE(XLXI_2/XLXI_15)          | 1     |
XLXI_2/XLXN_8                      | NONE(XLXI_2/XLXI_9)           | 1     |
XLXI_2/XLXN_3                      | NONE(XLXI_2/XLXI_7)           | 1     |
XLXI_2/XLXN_1                      | NONE(XLXI_2/XLXI_3)           | 1     |
clk                                | BUFGP                         | 1     |
-----------------------------------+-------------------------------+-------+
INFO:Xst:2169 - HDL ADVISOR - Some clock signals were not automatically buffered by XST with BUFG/BUFR resources. Please use the buffer_type constraint in order to insert these buffers to the clock signals to help prevent skew problems.

Asynchronous Control Signals Information:
----------------------------------------
No asynchronous control signals found in this design

Timing Summary:
---------------
Speed Grade: -4

   Minimum period: 3.313ns (Maximum Frequency: 301.884MHz)
   Minimum input arrival time before clock: No path found
   Maximum output required time after clock: 9.282ns
   Maximum combinational path delay: 9.066ns

Timing Detail:
--------------
All values displayed in nanoseconds (ns)

=========================================================================
Timing constraint: Default period analysis for Clock 'XLXN_11'
  Clock period: 3.313ns (frequency: 301.884MHz)
  Total number of paths / destination ports: 2 / 2
-------------------------------------------------------------------------
Delay:               3.313ns (Levels of Logic = 1)
  Source:            XLXI_5/XLXI_1/BasculeD_0 (FF)
  Destination:       XLXI_5/XLXI_1/BasculeD_0 (FF)
  Source Clock:      XLXN_11 rising
  Destination Clock: XLXN_11 rising

  Data Path: XLXI_5/XLXI_1/BasculeD_0 to XLXI_5/XLXI_1/BasculeD_0
                                Gate     Net
    Cell:in->out      fanout   Delay   Delay  Logical Name (Net Name)
    ----------------------------------------  ------------
     FD:C->Q              33   0.591   1.263  XLXI_5/XLXI_1/BasculeD_0 (XLXI_5/XLXN_3<0>)
     INV:I->O              2   0.704   0.447  XLXI_5/XLXI_1/XLXI_2 (XLXI_5/XLXI_1/XLXN_4)
     FD:D                      0.308          XLXI_5/XLXI_1/BasculeD_0
    ----------------------------------------
    Total                      3.313ns (1.603ns logic, 1.710ns route)
                                       (48.4% logic, 51.6% route)

=========================================================================
Timing constraint: Default period analysis for Clock 'XLXI_5/XLXN_3<0>'
  Clock period: 2.843ns (frequency: 351.741MHz)
  Total number of paths / destination ports: 1 / 1
-------------------------------------------------------------------------
Delay:               2.843ns (Levels of Logic = 1)
  Source:            XLXI_5/XLXI_1/BasculeD_1 (FF)
  Destination:       XLXI_5/XLXI_1/BasculeD_1 (FF)
  Source Clock:      XLXI_5/XLXN_3<0> falling
  Destination Clock: XLXI_5/XLXN_3<0> falling

  Data Path: XLXI_5/XLXI_1/BasculeD_1 to XLXI_5/XLXI_1/BasculeD_1
                                Gate     Net
    Cell:in->out      fanout   Delay   Delay  Logical Name (Net Name)
    ----------------------------------------  ------------
     FD:C->Q               9   0.591   0.820  XLXI_5/XLXI_1/BasculeD_1 (XLXI_5/XLXN_3<1>)
     INV:I->O              1   0.704   0.420  XLXI_5/XLXI_1/XLXI_4 (XLXI_5/XLXI_1/XLXN_17)
     FD:D                      0.308          XLXI_5/XLXI_1/BasculeD_1
    ----------------------------------------
    Total                      2.843ns (1.603ns logic, 1.240ns route)
                                       (56.4% logic, 43.6% route)

=========================================================================
Timing constraint: Default period analysis for Clock 'XLXI_2/XLXN_120'
  Clock period: 2.443ns (frequency: 409.333MHz)
  Total number of paths / destination ports: 1 / 1
-------------------------------------------------------------------------
Delay:               2.443ns (Levels of Logic = 1)
  Source:            XLXI_2/XLXI_118 (FF)
  Destination:       XLXI_2/XLXI_118 (FF)
  Source Clock:      XLXI_2/XLXN_120 rising
  Destination Clock: XLXI_2/XLXN_120 rising

  Data Path: XLXI_2/XLXI_118 to XLXI_2/XLXI_118
                                Gate     Net
    Cell:in->out      fanout   Delay   Delay  Logical Name (Net Name)
    ----------------------------------------  ------------
     FD:C->Q               1   0.591   0.420  XLXI_2/XLXI_118 (XLXI_2/clksec_DUMMY)
     INV:I->O              1   0.704   0.420  XLXI_2/XLXI_119 (XLXI_2/XLXN_126)
     FD:D                      0.308          XLXI_2/XLXI_118
    ----------------------------------------
    Total                      2.443ns (1.603ns logic, 0.840ns route)
                                       (65.6% logic, 34.4% route)

=========================================================================
Timing constraint: Default period analysis for Clock 'XLXI_2/XLXN_118'
  Clock period: 2.470ns (frequency: 404.858MHz)
  Total number of paths / destination ports: 1 / 1
-------------------------------------------------------------------------
Delay:               2.470ns (Levels of Logic = 1)
  Source:            XLXI_2/XLXI_112 (FF)
  Destination:       XLXI_2/XLXI_112 (FF)
  Source Clock:      XLXI_2/XLXN_118 rising
  Destination Clock: XLXI_2/XLXN_118 rising

  Data Path: XLXI_2/XLXI_112 to XLXI_2/XLXI_112
                                Gate     Net
    Cell:in->out      fanout   Delay   Delay  Logical Name (Net Name)
    ----------------------------------------  ------------
     FD:C->Q               2   0.591   0.447  XLXI_2/XLXI_112 (XLXI_2/XLXN_120)
     INV:I->O              1   0.704   0.420  XLXI_2/XLXI_113 (XLXI_2/XLXN_121)
     FD:D                      0.308          XLXI_2/XLXI_112
    ----------------------------------------
    Total                      2.470ns (1.603ns logic, 0.867ns route)
                                       (64.9% logic, 35.1% route)

=========================================================================
Timing constraint: Default period analysis for Clock 'XLXI_2/XLXN_116'
  Clock period: 2.470ns (frequency: 404.858MHz)
  Total number of paths / destination ports: 1 / 1
-------------------------------------------------------------------------
Delay:               2.470ns (Levels of Logic = 1)
  Source:            XLXI_2/XLXI_110 (FF)
  Destination:       XLXI_2/XLXI_110 (FF)
  Source Clock:      XLXI_2/XLXN_116 rising
  Destination Clock: XLXI_2/XLXN_116 rising

  Data Path: XLXI_2/XLXI_110 to XLXI_2/XLXI_110
                                Gate     Net
    Cell:in->out      fanout   Delay   Delay  Logical Name (Net Name)
    ----------------------------------------  ------------
     FD:C->Q               2   0.591   0.447  XLXI_2/XLXI_110 (XLXI_2/XLXN_118)
     INV:I->O              1   0.704   0.420  XLXI_2/XLXI_111 (XLXI_2/XLXN_119)
     FD:D                      0.308          XLXI_2/XLXI_110
    ----------------------------------------
    Total                      2.470ns (1.603ns logic, 0.867ns route)
                                       (64.9% logic, 35.1% route)

=========================================================================
Timing constraint: Default period analysis for Clock 'XLXI_2/XLXN_114'
  Clock period: 2.470ns (frequency: 404.858MHz)
  Total number of paths / destination ports: 1 / 1
-------------------------------------------------------------------------
Delay:               2.470ns (Levels of Logic = 1)
  Source:            XLXI_2/XLXI_108 (FF)
  Destination:       XLXI_2/XLXI_108 (FF)
  Source Clock:      XLXI_2/XLXN_114 rising
  Destination Clock: XLXI_2/XLXN_114 rising

  Data Path: XLXI_2/XLXI_108 to XLXI_2/XLXI_108
                                Gate     Net
    Cell:in->out      fanout   Delay   Delay  Logical Name (Net Name)
    ----------------------------------------  ------------
     FD:C->Q               2   0.591   0.447  XLXI_2/XLXI_108 (XLXI_2/XLXN_116)
     INV:I->O              1   0.704   0.420  XLXI_2/XLXI_109 (XLXI_2/XLXN_117)
     FD:D                      0.308          XLXI_2/XLXI_108
    ----------------------------------------
    Total                      2.470ns (1.603ns logic, 0.867ns route)
                                       (64.9% logic, 35.1% route)

=========================================================================
Timing constraint: Default period analysis for Clock 'XLXI_2/XLXN_110'
  Clock period: 2.470ns (frequency: 404.858MHz)
  Total number of paths / destination ports: 1 / 1
-------------------------------------------------------------------------
Delay:               2.470ns (Levels of Logic = 1)
  Source:            XLXI_2/XLXI_106 (FF)
  Destination:       XLXI_2/XLXI_106 (FF)
  Source Clock:      XLXI_2/XLXN_110 rising
  Destination Clock: XLXI_2/XLXN_110 rising

  Data Path: XLXI_2/XLXI_106 to XLXI_2/XLXI_106
                                Gate     Net
    Cell:in->out      fanout   Delay   Delay  Logical Name (Net Name)
    ----------------------------------------  ------------
     FD:C->Q               2   0.591   0.447  XLXI_2/XLXI_106 (XLXI_2/XLXN_114)
     INV:I->O              1   0.704   0.420  XLXI_2/XLXI_107 (XLXI_2/XLXN_115)
     FD:D                      0.308          XLXI_2/XLXI_106
    ----------------------------------------
    Total                      2.470ns (1.603ns logic, 0.867ns route)
                                       (64.9% logic, 35.1% route)

=========================================================================
Timing constraint: Default period analysis for Clock 'XLXI_2/XLXN_113'
  Clock period: 2.470ns (frequency: 404.858MHz)
  Total number of paths / destination ports: 1 / 1
-------------------------------------------------------------------------
Delay:               2.470ns (Levels of Logic = 1)
  Source:            XLXI_2/XLXI_101 (FF)
  Destination:       XLXI_2/XLXI_101 (FF)
  Source Clock:      XLXI_2/XLXN_113 rising
  Destination Clock: XLXI_2/XLXN_113 rising

  Data Path: XLXI_2/XLXI_101 to XLXI_2/XLXI_101
                                Gate     Net
    Cell:in->out      fanout   Delay   Delay  Logical Name (Net Name)
    ----------------------------------------  ------------
     FD:C->Q               2   0.591   0.447  XLXI_2/XLXI_101 (XLXI_2/XLXN_107)
     INV:I->O              1   0.704   0.420  XLXI_2/XLXI_102 (XLXI_2/XLXN_108)
     FD:D                      0.308          XLXI_2/XLXI_101
    ----------------------------------------
    Total                      2.470ns (1.603ns logic, 0.867ns route)
                                       (64.9% logic, 35.1% route)

=========================================================================
Timing constraint: Default period analysis for Clock 'XLXI_2/XLXN_107'
  Clock period: 2.470ns (frequency: 404.858MHz)
  Total number of paths / destination ports: 1 / 1
-------------------------------------------------------------------------
Delay:               2.470ns (Levels of Logic = 1)
  Source:            XLXI_2/XLXI_100 (FF)
  Destination:       XLXI_2/XLXI_100 (FF)
  Source Clock:      XLXI_2/XLXN_107 rising
  Destination Clock: XLXI_2/XLXN_107 rising

  Data Path: XLXI_2/XLXI_100 to XLXI_2/XLXI_100
                                Gate     Net
    Cell:in->out      fanout   Delay   Delay  Logical Name (Net Name)
    ----------------------------------------  ------------
     FD:C->Q               2   0.591   0.447  XLXI_2/XLXI_100 (XLXI_2/XLXN_110)
     INV:I->O              1   0.704   0.420  XLXI_2/XLXI_103 (XLXI_2/XLXN_109)
     FD:D                      0.308          XLXI_2/XLXI_100
    ----------------------------------------
    Total                      2.470ns (1.603ns logic, 0.867ns route)
                                       (64.9% logic, 35.1% route)

=========================================================================
Timing constraint: Default period analysis for Clock 'XLXI_2/XLXN_103'
  Clock period: 2.554ns (frequency: 391.543MHz)
  Total number of paths / destination ports: 1 / 1
-------------------------------------------------------------------------
Delay:               2.554ns (Levels of Logic = 1)
  Source:            XLXI_2/XLXI_98 (FF)
  Destination:       XLXI_2/XLXI_98 (FF)
  Source Clock:      XLXI_2/XLXN_103 rising
  Destination Clock: XLXI_2/XLXN_103 rising

  Data Path: XLXI_2/XLXI_98 to XLXI_2/XLXI_98
                                Gate     Net
    Cell:in->out      fanout   Delay   Delay  Logical Name (Net Name)
    ----------------------------------------  ------------
     FD:C->Q               3   0.591   0.531  XLXI_2/XLXI_98 (XLXN_11)
     INV:I->O              1   0.704   0.420  XLXI_2/XLXI_99 (XLXI_2/XLXN_106)
     FD:D                      0.308          XLXI_2/XLXI_98
    ----------------------------------------
    Total                      2.554ns (1.603ns logic, 0.951ns route)
                                       (62.8% logic, 37.2% route)

=========================================================================
Timing constraint: Default period analysis for Clock 'XLXI_2/XLXN_101'
  Clock period: 2.470ns (frequency: 404.858MHz)
  Total number of paths / destination ports: 1 / 1
-------------------------------------------------------------------------
Delay:               2.470ns (Levels of Logic = 1)
  Source:            XLXI_2/XLXI_96 (FF)
  Destination:       XLXI_2/XLXI_96 (FF)
  Source Clock:      XLXI_2/XLXN_101 rising
  Destination Clock: XLXI_2/XLXN_101 rising

  Data Path: XLXI_2/XLXI_96 to XLXI_2/XLXI_96
                                Gate     Net
    Cell:in->out      fanout   Delay   Delay  Logical Name (Net Name)
    ----------------------------------------  ------------
     FD:C->Q               2   0.591   0.447  XLXI_2/XLXI_96 (XLXI_2/XLXN_103)
     INV:I->O              1   0.704   0.420  XLXI_2/XLXI_97 (XLXI_2/XLXN_104)
     FD:D                      0.308          XLXI_2/XLXI_96
    ----------------------------------------
    Total                      2.470ns (1.603ns logic, 0.867ns route)
                                       (64.9% logic, 35.1% route)

=========================================================================
Timing constraint: Default period analysis for Clock 'XLXI_2/XLXN_99'
  Clock period: 2.470ns (frequency: 404.858MHz)
  Total number of paths / destination ports: 1 / 1
-------------------------------------------------------------------------
Delay:               2.470ns (Levels of Logic = 1)
  Source:            XLXI_2/XLXI_94 (FF)
  Destination:       XLXI_2/XLXI_94 (FF)
  Source Clock:      XLXI_2/XLXN_99 rising
  Destination Clock: XLXI_2/XLXN_99 rising

  Data Path: XLXI_2/XLXI_94 to XLXI_2/XLXI_94
                                Gate     Net
    Cell:in->out      fanout   Delay   Delay  Logical Name (Net Name)
    ----------------------------------------  ------------
     FD:C->Q               2   0.591   0.447  XLXI_2/XLXI_94 (XLXI_2/XLXN_101)
     INV:I->O              1   0.704   0.420  XLXI_2/XLXI_95 (XLXI_2/XLXN_102)
     FD:D                      0.308          XLXI_2/XLXI_94
    ----------------------------------------
    Total                      2.470ns (1.603ns logic, 0.867ns route)
                                       (64.9% logic, 35.1% route)

=========================================================================
Timing constraint: Default period analysis for Clock 'XLXI_2/XLXN_95'
  Clock period: 2.470ns (frequency: 404.858MHz)
  Total number of paths / destination ports: 1 / 1
-------------------------------------------------------------------------
Delay:               2.470ns (Levels of Logic = 1)
  Source:            XLXI_2/XLXI_92 (FF)
  Destination:       XLXI_2/XLXI_92 (FF)
  Source Clock:      XLXI_2/XLXN_95 rising
  Destination Clock: XLXI_2/XLXN_95 rising

  Data Path: XLXI_2/XLXI_92 to XLXI_2/XLXI_92
                                Gate     Net
    Cell:in->out      fanout   Delay   Delay  Logical Name (Net Name)
    ----------------------------------------  ------------
     FD:C->Q               2   0.591   0.447  XLXI_2/XLXI_92 (XLXI_2/XLXN_99)
     INV:I->O              1   0.704   0.420  XLXI_2/XLXI_93 (XLXI_2/XLXN_100)
     FD:D                      0.308          XLXI_2/XLXI_92
    ----------------------------------------
    Total                      2.470ns (1.603ns logic, 0.867ns route)
                                       (64.9% logic, 35.1% route)

=========================================================================
Timing constraint: Default period analysis for Clock 'XLXI_2/XLXN_90'
  Clock period: 2.470ns (frequency: 404.858MHz)
  Total number of paths / destination ports: 1 / 1
-------------------------------------------------------------------------
Delay:               2.470ns (Levels of Logic = 1)
  Source:            XLXI_2/XLXI_90 (FF)
  Destination:       XLXI_2/XLXI_90 (FF)
  Source Clock:      XLXI_2/XLXN_90 rising
  Destination Clock: XLXI_2/XLXN_90 rising

  Data Path: XLXI_2/XLXI_90 to XLXI_2/XLXI_90
                                Gate     Net
    Cell:in->out      fanout   Delay   Delay  Logical Name (Net Name)
    ----------------------------------------  ------------
     FD:C->Q               2   0.591   0.447  XLXI_2/XLXI_90 (XLXI_2/XLXN_98)
     INV:I->O              1   0.704   0.420  XLXI_2/XLXI_91 (XLXI_2/XLXN_96)
     FD:D                      0.308          XLXI_2/XLXI_90
    ----------------------------------------
    Total                      2.470ns (1.603ns logic, 0.867ns route)
                                       (64.9% logic, 35.1% route)

=========================================================================
Timing constraint: Default period analysis for Clock 'XLXI_2/XLXN_98'
  Clock period: 2.470ns (frequency: 404.858MHz)
  Total number of paths / destination ports: 1 / 1
-------------------------------------------------------------------------
Delay:               2.470ns (Levels of Logic = 1)
  Source:            XLXI_2/XLXI_87 (FF)
  Destination:       XLXI_2/XLXI_87 (FF)
  Source Clock:      XLXI_2/XLXN_98 rising
  Destination Clock: XLXI_2/XLXN_98 rising

  Data Path: XLXI_2/XLXI_87 to XLXI_2/XLXI_87
                                Gate     Net
    Cell:in->out      fanout   Delay   Delay  Logical Name (Net Name)
    ----------------------------------------  ------------
     FD:C->Q               2   0.591   0.447  XLXI_2/XLXI_87 (XLXI_2/XLXN_92)
     INV:I->O              1   0.704   0.420  XLXI_2/XLXI_88 (XLXI_2/XLXN_93)
     FD:D                      0.308          XLXI_2/XLXI_87
    ----------------------------------------
    Total                      2.470ns (1.603ns logic, 0.867ns route)
                                       (64.9% logic, 35.1% route)

=========================================================================
Timing constraint: Default period analysis for Clock 'XLXI_2/XLXN_92'
  Clock period: 2.470ns (frequency: 404.858MHz)
  Total number of paths / destination ports: 1 / 1
-------------------------------------------------------------------------
Delay:               2.470ns (Levels of Logic = 1)
  Source:            XLXI_2/XLXI_86 (FF)
  Destination:       XLXI_2/XLXI_86 (FF)
  Source Clock:      XLXI_2/XLXN_92 rising
  Destination Clock: XLXI_2/XLXN_92 rising

  Data Path: XLXI_2/XLXI_86 to XLXI_2/XLXI_86
                                Gate     Net
    Cell:in->out      fanout   Delay   Delay  Logical Name (Net Name)
    ----------------------------------------  ------------
     FD:C->Q               2   0.591   0.447  XLXI_2/XLXI_86 (XLXI_2/XLXN_95)
     INV:I->O              1   0.704   0.420  XLXI_2/XLXI_89 (XLXI_2/XLXN_94)
     FD:D                      0.308          XLXI_2/XLXI_86
    ----------------------------------------
    Total                      2.470ns (1.603ns logic, 0.867ns route)
                                       (64.9% logic, 35.1% route)

=========================================================================
Timing constraint: Default period analysis for Clock 'XLXI_2/XLXN_88'
  Clock period: 2.470ns (frequency: 404.858MHz)
  Total number of paths / destination ports: 1 / 1
-------------------------------------------------------------------------
Delay:               2.470ns (Levels of Logic = 1)
  Source:            XLXI_2/XLXI_84 (FF)
  Destination:       XLXI_2/XLXI_84 (FF)
  Source Clock:      XLXI_2/XLXN_88 rising
  Destination Clock: XLXI_2/XLXN_88 rising

  Data Path: XLXI_2/XLXI_84 to XLXI_2/XLXI_84
                                Gate     Net
    Cell:in->out      fanout   Delay   Delay  Logical Name (Net Name)
    ----------------------------------------  ------------
     FD:C->Q               2   0.591   0.447  XLXI_2/XLXI_84 (XLXI_2/XLXN_90)
     INV:I->O              1   0.704   0.420  XLXI_2/XLXI_85 (XLXI_2/XLXN_91)
     FD:D                      0.308          XLXI_2/XLXI_84
    ----------------------------------------
    Total                      2.470ns (1.603ns logic, 0.867ns route)
                                       (64.9% logic, 35.1% route)

=========================================================================
Timing constraint: Default period analysis for Clock 'XLXI_2/XLXN_86'
  Clock period: 2.470ns (frequency: 404.858MHz)
  Total number of paths / destination ports: 1 / 1
-------------------------------------------------------------------------
Delay:               2.470ns (Levels of Logic = 1)
  Source:            XLXI_2/XLXI_82 (FF)
  Destination:       XLXI_2/XLXI_82 (FF)
  Source Clock:      XLXI_2/XLXN_86 rising
  Destination Clock: XLXI_2/XLXN_86 rising

  Data Path: XLXI_2/XLXI_82 to XLXI_2/XLXI_82
                                Gate     Net
    Cell:in->out      fanout   Delay   Delay  Logical Name (Net Name)
    ----------------------------------------  ------------
     FD:C->Q               2   0.591   0.447  XLXI_2/XLXI_82 (XLXI_2/XLXN_88)
     INV:I->O              1   0.704   0.420  XLXI_2/XLXI_83 (XLXI_2/XLXN_89)
     FD:D                      0.308          XLXI_2/XLXI_82
    ----------------------------------------
    Total                      2.470ns (1.603ns logic, 0.867ns route)
                                       (64.9% logic, 35.1% route)

=========================================================================
Timing constraint: Default period analysis for Clock 'XLXI_2/XLXN_84'
  Clock period: 2.470ns (frequency: 404.858MHz)
  Total number of paths / destination ports: 1 / 1
-------------------------------------------------------------------------
Delay:               2.470ns (Levels of Logic = 1)
  Source:            XLXI_2/XLXI_80 (FF)
  Destination:       XLXI_2/XLXI_80 (FF)
  Source Clock:      XLXI_2/XLXN_84 rising
  Destination Clock: XLXI_2/XLXN_84 rising

  Data Path: XLXI_2/XLXI_80 to XLXI_2/XLXI_80
                                Gate     Net
    Cell:in->out      fanout   Delay   Delay  Logical Name (Net Name)
    ----------------------------------------  ------------
     FD:C->Q               2   0.591   0.447  XLXI_2/XLXI_80 (XLXI_2/XLXN_86)
     INV:I->O              1   0.704   0.420  XLXI_2/XLXI_81 (XLXI_2/XLXN_87)
     FD:D                      0.308          XLXI_2/XLXI_80
    ----------------------------------------
    Total                      2.470ns (1.603ns logic, 0.867ns route)
                                       (64.9% logic, 35.1% route)

=========================================================================
Timing constraint: Default period analysis for Clock 'XLXI_2/XLXN_78'
  Clock period: 2.470ns (frequency: 404.858MHz)
  Total number of paths / destination ports: 1 / 1
-------------------------------------------------------------------------
Delay:               2.470ns (Levels of Logic = 1)
  Source:            XLXI_2/XLXI_78 (FF)
  Destination:       XLXI_2/XLXI_78 (FF)
  Source Clock:      XLXI_2/XLXN_78 rising
  Destination Clock: XLXI_2/XLXN_78 rising

  Data Path: XLXI_2/XLXI_78 to XLXI_2/XLXI_78
                                Gate     Net
    Cell:in->out      fanout   Delay   Delay  Logical Name (Net Name)
    ----------------------------------------  ------------
     FD:C->Q               2   0.591   0.447  XLXI_2/XLXI_78 (XLXI_2/XLXN_84)
     INV:I->O              1   0.704   0.420  XLXI_2/XLXI_79 (XLXI_2/XLXN_85)
     FD:D                      0.308          XLXI_2/XLXI_78
    ----------------------------------------
    Total                      2.470ns (1.603ns logic, 0.867ns route)
                                       (64.9% logic, 35.1% route)

=========================================================================
Timing constraint: Default period analysis for Clock 'XLXI_2/XLXN_20'
  Clock period: 2.470ns (frequency: 404.858MHz)
  Total number of paths / destination ports: 1 / 1
-------------------------------------------------------------------------
Delay:               2.470ns (Levels of Logic = 1)
  Source:            XLXI_2/XLXI_19 (FF)
  Destination:       XLXI_2/XLXI_19 (FF)
  Source Clock:      XLXI_2/XLXN_20 rising
  Destination Clock: XLXI_2/XLXN_20 rising

  Data Path: XLXI_2/XLXI_19 to XLXI_2/XLXI_19
                                Gate     Net
    Cell:in->out      fanout   Delay   Delay  Logical Name (Net Name)
    ----------------------------------------  ------------
     FD:C->Q               2   0.591   0.447  XLXI_2/XLXI_19 (XLXI_2/XLXN_78)
     INV:I->O              1   0.704   0.420  XLXI_2/XLXI_20 (XLXI_2/XLXN_23)
     FD:D                      0.308          XLXI_2/XLXI_19
    ----------------------------------------
    Total                      2.470ns (1.603ns logic, 0.867ns route)
                                       (64.9% logic, 35.1% route)

=========================================================================
Timing constraint: Default period analysis for Clock 'XLXI_2/XLXN_18'
  Clock period: 2.470ns (frequency: 404.858MHz)
  Total number of paths / destination ports: 1 / 1
-------------------------------------------------------------------------
Delay:               2.470ns (Levels of Logic = 1)
  Source:            XLXI_2/XLXI_17 (FF)
  Destination:       XLXI_2/XLXI_17 (FF)
  Source Clock:      XLXI_2/XLXN_18 rising
  Destination Clock: XLXI_2/XLXN_18 rising

  Data Path: XLXI_2/XLXI_17 to XLXI_2/XLXI_17
                                Gate     Net
    Cell:in->out      fanout   Delay   Delay  Logical Name (Net Name)
    ----------------------------------------  ------------
     FD:C->Q               2   0.591   0.447  XLXI_2/XLXI_17 (XLXI_2/XLXN_20)
     INV:I->O              1   0.704   0.420  XLXI_2/XLXI_18 (XLXI_2/XLXN_21)
     FD:D                      0.308          XLXI_2/XLXI_17
    ----------------------------------------
    Total                      2.470ns (1.603ns logic, 0.867ns route)
                                       (64.9% logic, 35.1% route)

=========================================================================
Timing constraint: Default period analysis for Clock 'XLXI_2/XLXN_10'
  Clock period: 2.470ns (frequency: 404.858MHz)
  Total number of paths / destination ports: 1 / 1
-------------------------------------------------------------------------
Delay:               2.470ns (Levels of Logic = 1)
  Source:            XLXI_2/XLXI_15 (FF)
  Destination:       XLXI_2/XLXI_15 (FF)
  Source Clock:      XLXI_2/XLXN_10 rising
  Destination Clock: XLXI_2/XLXN_10 rising

  Data Path: XLXI_2/XLXI_15 to XLXI_2/XLXI_15
                                Gate     Net
    Cell:in->out      fanout   Delay   Delay  Logical Name (Net Name)
    ----------------------------------------  ------------
     FD:C->Q               2   0.591   0.447  XLXI_2/XLXI_15 (XLXI_2/XLXN_18)
     INV:I->O              1   0.704   0.420  XLXI_2/XLXI_16 (XLXI_2/XLXN_19)
     FD:D                      0.308          XLXI_2/XLXI_15
    ----------------------------------------
    Total                      2.470ns (1.603ns logic, 0.867ns route)
                                       (64.9% logic, 35.1% route)

=========================================================================
Timing constraint: Default period analysis for Clock 'XLXI_2/XLXN_8'
  Clock period: 2.470ns (frequency: 404.858MHz)
  Total number of paths / destination ports: 1 / 1
-------------------------------------------------------------------------
Delay:               2.470ns (Levels of Logic = 1)
  Source:            XLXI_2/XLXI_9 (FF)
  Destination:       XLXI_2/XLXI_9 (FF)
  Source Clock:      XLXI_2/XLXN_8 rising
  Destination Clock: XLXI_2/XLXN_8 rising

  Data Path: XLXI_2/XLXI_9 to XLXI_2/XLXI_9
                                Gate     Net
    Cell:in->out      fanout   Delay   Delay  Logical Name (Net Name)
    ----------------------------------------  ------------
     FD:C->Q               2   0.591   0.447  XLXI_2/XLXI_9 (XLXI_2/XLXN_10)
     INV:I->O              1   0.704   0.420  XLXI_2/XLXI_10 (XLXI_2/XLXN_11)
     FD:D                      0.308          XLXI_2/XLXI_9
    ----------------------------------------
    Total                      2.470ns (1.603ns logic, 0.867ns route)
                                       (64.9% logic, 35.1% route)

=========================================================================
Timing constraint: Default period analysis for Clock 'XLXI_2/XLXN_3'
  Clock period: 2.470ns (frequency: 404.858MHz)
  Total number of paths / destination ports: 1 / 1
-------------------------------------------------------------------------
Delay:               2.470ns (Levels of Logic = 1)
  Source:            XLXI_2/XLXI_7 (FF)
  Destination:       XLXI_2/XLXI_7 (FF)
  Source Clock:      XLXI_2/XLXN_3 rising
  Destination Clock: XLXI_2/XLXN_3 rising

  Data Path: XLXI_2/XLXI_7 to XLXI_2/XLXI_7
                                Gate     Net
    Cell:in->out      fanout   Delay   Delay  Logical Name (Net Name)
    ----------------------------------------  ------------
     FD:C->Q               2   0.591   0.447  XLXI_2/XLXI_7 (XLXI_2/XLXN_8)
     INV:I->O              1   0.704   0.420  XLXI_2/XLXI_8 (XLXI_2/XLXN_9)
     FD:D                      0.308          XLXI_2/XLXI_7
    ----------------------------------------
    Total                      2.470ns (1.603ns logic, 0.867ns route)
                                       (64.9% logic, 35.1% route)

=========================================================================
Timing constraint: Default period analysis for Clock 'XLXI_2/XLXN_1'
  Clock period: 2.470ns (frequency: 404.858MHz)
  Total number of paths / destination ports: 1 / 1
-------------------------------------------------------------------------
Delay:               2.470ns (Levels of Logic = 1)
  Source:            XLXI_2/XLXI_3 (FF)
  Destination:       XLXI_2/XLXI_3 (FF)
  Source Clock:      XLXI_2/XLXN_1 rising
  Destination Clock: XLXI_2/XLXN_1 rising

  Data Path: XLXI_2/XLXI_3 to XLXI_2/XLXI_3
                                Gate     Net
    Cell:in->out      fanout   Delay   Delay  Logical Name (Net Name)
    ----------------------------------------  ------------
     FD:C->Q               2   0.591   0.447  XLXI_2/XLXI_3 (XLXI_2/XLXN_3)
     INV:I->O              1   0.704   0.420  XLXI_2/XLXI_4 (XLXI_2/XLXN_4)
     FD:D                      0.308          XLXI_2/XLXI_3
    ----------------------------------------
    Total                      2.470ns (1.603ns logic, 0.867ns route)
                                       (64.9% logic, 35.1% route)

=========================================================================
Timing constraint: Default period analysis for Clock 'clk'
  Clock period: 2.470ns (frequency: 404.858MHz)
  Total number of paths / destination ports: 1 / 1
-------------------------------------------------------------------------
Delay:               2.470ns (Levels of Logic = 1)
  Source:            XLXI_2/XLXI_1 (FF)
  Destination:       XLXI_2/XLXI_1 (FF)
  Source Clock:      clk rising
  Destination Clock: clk rising

  Data Path: XLXI_2/XLXI_1 to XLXI_2/XLXI_1
                                Gate     Net
    Cell:in->out      fanout   Delay   Delay  Logical Name (Net Name)
    ----------------------------------------  ------------
     FD:C->Q               2   0.591   0.447  XLXI_2/XLXI_1 (XLXI_2/XLXN_1)
     INV:I->O              1   0.704   0.420  XLXI_2/XLXI_2 (XLXI_2/XLXN_2)
     FD:D                      0.308          XLXI_2/XLXI_1
    ----------------------------------------
    Total                      2.470ns (1.603ns logic, 0.867ns route)
                                       (64.9% logic, 35.1% route)

=========================================================================
Timing constraint: Default OFFSET OUT AFTER for Clock 'XLXI_5/XLXN_3<0>'
  Total number of paths / destination ports: 32 / 11
-------------------------------------------------------------------------
Offset:              7.429ns (Levels of Logic = 4)
  Source:            XLXI_5/XLXI_1/BasculeD_1 (FF)
  Destination:       sevenseg<6> (PAD)
  Source Clock:      XLXI_5/XLXN_3<0> falling

  Data Path: XLXI_5/XLXI_1/BasculeD_1 to sevenseg<6>
                                Gate     Net
    Cell:in->out      fanout   Delay   Delay  Logical Name (Net Name)
    ----------------------------------------  ------------
     FD:C->Q               9   0.591   0.820  XLXI_5/XLXI_1/BasculeD_1 (XLXI_5/XLXN_3<1>)
     begin scope: 'XLXI_5/XLXI_3/XLXI_4'
     MUXF5:S->O            7   0.739   0.883  I_O (O)
     end scope: 'XLXI_5/XLXI_3/XLXI_4'
     LUT4:I0->O            1   0.704   0.420  XLXI_5/XLXI_9/Mrom_sevenseg31 (sevenseg_3_OBUF)
     OBUF:I->O                 3.272          sevenseg_3_OBUF (sevenseg<3>)
    ----------------------------------------
    Total                      7.429ns (5.306ns logic, 2.123ns route)
                                       (71.4% logic, 28.6% route)

=========================================================================
Timing constraint: Default OFFSET OUT AFTER for Clock 'XLXN_11'
  Total number of paths / destination ports: 128 / 11
-------------------------------------------------------------------------
Offset:              9.282ns (Levels of Logic = 7)
  Source:            XLXI_5/XLXI_1/BasculeD_0 (FF)
  Destination:       sevenseg<6> (PAD)
  Source Clock:      XLXN_11 rising

  Data Path: XLXI_5/XLXI_1/BasculeD_0 to sevenseg<6>
                                Gate     Net
    Cell:in->out      fanout   Delay   Delay  Logical Name (Net Name)
    ----------------------------------------  ------------
     FD:C->Q              33   0.591   1.263  XLXI_5/XLXI_1/BasculeD_0 (XLXI_5/XLXN_3<0>)
     begin scope: 'XLXI_5/XLXI_3/XLXI_4'
     begin scope: 'I_M23'
     AND3:I2->O            1   0.704   0.420  I_36_30 (M1)
     OR2:I0->O             1   0.704   0.000  I_36_38 (O)
     end scope: 'I_M23'
     MUXF5:I1->O           7   0.321   0.883  I_O (O)
     end scope: 'XLXI_5/XLXI_3/XLXI_4'
     LUT4:I0->O            1   0.704   0.420  XLXI_5/XLXI_9/Mrom_sevenseg31 (sevenseg_3_OBUF)
     OBUF:I->O                 3.272          sevenseg_3_OBUF (sevenseg<3>)
    ----------------------------------------
    Total                      9.282ns (6.296ns logic, 2.986ns route)
                                       (67.8% logic, 32.2% route)

=========================================================================
Timing constraint: Default path analysis
  Total number of paths / destination ports: 56 / 7
-------------------------------------------------------------------------
Delay:               9.066ns (Levels of Logic = 9)
  Source:            switches<5> (PAD)
  Destination:       sevenseg<6> (PAD)

  Data Path: switches<5> to sevenseg<6>
                                Gate     Net
    Cell:in->out      fanout   Delay   Delay  Logical Name (Net Name)
    ----------------------------------------  ------------
     begin scope: 'XLXI_4'
     IBUF:I->O             1   1.218   0.420  I_36_31 (O<5>)
     end scope: 'XLXI_4'
     begin scope: 'XLXI_5/XLXI_3/XLXI_3'
     begin scope: 'I_M23'
     AND3:I0->O            1   0.704   0.420  I_36_30 (M1)
     OR2:I0->O             1   0.704   0.000  I_36_38 (O)
     end scope: 'I_M23'
     MUXF5:I1->O           7   0.321   0.883  I_O (O)
     end scope: 'XLXI_5/XLXI_3/XLXI_3'
     LUT4:I0->O            1   0.704   0.420  XLXI_5/XLXI_9/Mrom_sevenseg21 (sevenseg_2_OBUF)
     OBUF:I->O                 3.272          sevenseg_2_OBUF (sevenseg<2>)
    ----------------------------------------
    Total                      9.066ns (6.923ns logic, 2.143ns route)
                                       (76.4% logic, 23.6% route)

=========================================================================


Total REAL time to Xst completion: 3.00 secs
Total CPU time to Xst completion: 2.59 secs
 
--> 


Total memory usage is 356908 kilobytes

Number of errors   :    0 (   0 filtered)
Number of warnings :    2 (   0 filtered)
Number of infos    :    1 (   0 filtered)

