V3 9
FL /home/l2/philippot/Exo/toplevel.vhf 2015/10/08.10:43:48 M.81d
EN work/toplevel 1444293830 FL /home/l2/philippot/Exo/toplevel.vhf \
      PB ieee/std_logic_1164 1290154108 PB ieee/NUMERIC_STD 1290154109 LB UNISIM \
      PH unisim/VCOMPONENTS 1290154108
AR work/toplevel/BEHAVIORAL 1444293831 \
      FL /home/l2/philippot/Exo/toplevel.vhf EN work/toplevel 1444293830 CP AND4 \
      CP AND3 CP OR3 CP AND2 CP INV
